
> project-management-api@1.0.0 build
> tsc -p tsconfig.build.json

